
Map of Debug\stm8s207_test.sm8 from link file Debug\stm8s207_test.lkf - Wed Jan 06 15:47:34 2016


                               --------
                               Segments
                               --------

start 00008080 end 00008080 length     0 segment .const
start 00008083 end 000081d3 length   336 segment .text
start 00004000 end 00004000 length     0 segment .eeprom
start 00000000 end 00000000 length     0 segment .bsct
start 00000000 end 00000006 length     6 segment .ubsct
start 00000006 end 00000006 length     0 segment .bit
start 00000006 end 00000006 length     0 segment .share
start 00000100 end 00000100 length     0 segment .data
start 00000100 end 00000100 length     0 segment .bss
start 00000000 end 00000447 length  1095 segment .info.
start 00000000 end 00002a7d length 10877 segment .debug
start 00008000 end 00008080 length   128 segment .const
start 00008080 end 00008083 length     3 segment .init


                               -------
                               Modules
                               -------

C:\Program Files (x86)\COSMIC\CXSTM8_32K\Lib\crtsi0.sm8:
start 00008083 end 000080ce length    75 section .text
start 00000100 end 00000100 length     0 section .bss
start 00000000 end 00000000 length     0 section .ubsct
start 00000000 end 0000002f length    47 section .info.

Debug\stm8s_clk.o:
start ******** end ******** length     0 section .text *** removed ***
start 00000000 end 0000166f length  5743 section .debug
start 0000002f end 000000a0 length   113 section .info.
start ******** end ******** length     0 section .const *** removed ***

Debug\stm8s_gpio.o:
start 000080ce end 00008180 length   178 section .text
start 0000166f end 00002079 length  2570 section .debug
start 000000a0 end 00000112 length   114 section .info.

Debug\main.o:
start 00008180 end 000081d2 length    82 section .text
start 00002079 end 00002207 length   398 section .debug
start 00000112 end 0000017e length   108 section .info.

Debug\stm8s_it.o:
start ******** end ******** length     0 section .text *** removed ***
start 00002207 end 00002912 length  1803 section .debug
start 0000017e end 000001ee length   112 section .info.

(C:\Program Files (x86)\COSMIC\CXSTM8_32K\Lib\libm0.sm8)lreg.o:
start ******** end ******** length     0 section .ubsct *** removed ***
start 000001ee end 0000021c length    46 section .info.

(C:\Program Files (x86)\COSMIC\CXSTM8_32K\Lib\libm0.sm8)ltor.o:
start ******** end ******** length     0 section .text *** removed ***
start 0000021c end 0000024a length    46 section .info.

(C:\Program Files (x86)\COSMIC\CXSTM8_32K\Lib\libm0.sm8)ludiv.o:
start ******** end ******** length     0 section .text *** removed ***
start 0000024a end 00000279 length    47 section .info.

(C:\Program Files (x86)\COSMIC\CXSTM8_32K\Lib\libm0.sm8)ldiv.o:
start ******** end ******** length     0 section .text *** removed ***
start 00000279 end 000002a7 length    46 section .info.

(C:\Program Files (x86)\COSMIC\CXSTM8_32K\Lib\libm0.sm8)lgneg.o:
start ******** end ******** length     0 section .text *** removed ***
start 000002a7 end 000002d6 length    47 section .info.

(C:\Program Files (x86)\COSMIC\CXSTM8_32K\Lib\libm0.sm8)lneg.o:
start ******** end ******** length     0 section .text *** removed ***
start 000002d6 end 00000304 length    46 section .info.

(C:\Program Files (x86)\COSMIC\CXSTM8_32K\Lib\libm0.sm8)rtol.o:
start ******** end ******** length     0 section .text *** removed ***
start 00000304 end 00000332 length    46 section .info.

(C:\Program Files (x86)\COSMIC\CXSTM8_32K\Lib\libm0.sm8)xreg.o:
start 00000000 end 00000003 length     3 section .ubsct
start 00000332 end 00000360 length    46 section .info.

(C:\Program Files (x86)\COSMIC\CXSTM8_32K\Lib\libm0.sm8)yreg.o:
start 00000003 end 00000006 length     3 section .ubsct
start 00000360 end 0000038e length    46 section .info.

Debug\stm8_interrupt_vector.o:
start 000081d2 end 000081d3 length     1 section .text
start 00002912 end 00002a7d length   363 section .debug
start 0000038e end 0000040b length   125 section .info.
start 00008000 end 00008080 length   128 section .const


                             -----------
                             Stack usage
                             -----------

Debug\main.o:
_LED_GPIO_Init                   8   (2)
_delay_ms                        6   (6)
_main                       >   11   (3)

Debug\stm8_interrupt_vector.o:
f_NonHandledInterrupt       >    5   (5)

Debug\stm8s_gpio.o:
_GPIO_DeInit                >    2   (2)
_GPIO_ExternalPullUpConfig  >    6   (6)
_GPIO_Init                       6   (6)
_GPIO_ReadInputData         >    2   (2)
_GPIO_ReadInputPin          >    5   (5)
_GPIO_ReadOutputData        >    2   (2)
_GPIO_Write                      5   (5)
_GPIO_WriteHigh             >    5   (5)
_GPIO_WriteLow              >    5   (5)
_GPIO_WriteReverse          >    5   (5)

Stack size: 16


                              ---------
                              Call tree
                              ---------
   1 > _GPIO_DeInit: (2)

   2 > _GPIO_ExternalPullUpConfig: (6)

   3 > _GPIO_ReadInputData: (2)

   4 > _GPIO_ReadInputPin: (5)

   5 > _GPIO_ReadOutputData: (2)

   6 > _GPIO_WriteHigh: (5)

   7 > _GPIO_WriteLow: (5)

   8 > _GPIO_WriteReverse: (5)

   9 > __stext: (0)

  10 > _main: (3)
  11      + _GPIO_Write: (5)
  12      + _LED_GPIO_Init: (2)
  13      |    + _GPIO_Init: (6)
          | 
  14      + _delay_ms: (6)
       
  15 > f_NonHandledInterrupt: (5)

  16   _GPIO_Init --> 13

  17   _GPIO_Write --> 11

  18   _LED_GPIO_Init --> 12

  19   _delay_ms --> 14



                               -------
                               Symbols
                               -------

_CLKPrescTable                      ********   *** removed from Debug\stm8s_clk.o ***
_CLK_AdjustHSICalibrationValue      ********   *** removed from Debug\stm8s_clk.o ***
_CLK_CCOCmd                         ********   *** removed from Debug\stm8s_clk.o ***
_CLK_CCOConfig                      ********   *** removed from Debug\stm8s_clk.o ***
_CLK_ClearITPendingBit              ********   *** removed from Debug\stm8s_clk.o ***
_CLK_ClockSecuritySystemEnable      ********   *** removed from Debug\stm8s_clk.o ***
_CLK_ClockSwitchCmd                 ********   *** removed from Debug\stm8s_clk.o ***
_CLK_ClockSwitchConfig              ********   *** removed from Debug\stm8s_clk.o ***
_CLK_DeInit                         ********   *** removed from Debug\stm8s_clk.o ***
_CLK_FastHaltWakeUpCmd              ********   *** removed from Debug\stm8s_clk.o ***
_CLK_GetClockFreq                   ********   *** removed from Debug\stm8s_clk.o ***
_CLK_GetFlagStatus                  ********   *** removed from Debug\stm8s_clk.o ***
_CLK_GetITStatus                    ********   *** removed from Debug\stm8s_clk.o ***
_CLK_GetSYSCLKSource                ********   *** removed from Debug\stm8s_clk.o ***
_CLK_HSECmd                         ********   *** removed from Debug\stm8s_clk.o ***
_CLK_HSICmd                         ********   *** removed from Debug\stm8s_clk.o ***
_CLK_HSIPrescalerConfig             ********   *** removed from Debug\stm8s_clk.o ***
_CLK_ITConfig                       ********   *** removed from Debug\stm8s_clk.o ***
_CLK_LSICmd                         ********   *** removed from Debug\stm8s_clk.o ***
_CLK_PeripheralClockConfig          ********   *** removed from Debug\stm8s_clk.o ***
_CLK_SWIMConfig                     ********   *** removed from Debug\stm8s_clk.o ***
_CLK_SYSCLKConfig                   ********   *** removed from Debug\stm8s_clk.o ***
_CLK_SYSCLKEmergencyClear           ********   *** removed from Debug\stm8s_clk.o ***
_CLK_SlowActiveHaltWakeUpCmd        ********   *** removed from Debug\stm8s_clk.o ***
_GPIO_DeInit                        000080ce   defined in Debug\stm8s_gpio.o section .text
_GPIO_ExternalPullUpConfig          00008168   defined in Debug\stm8s_gpio.o section .text
_GPIO_Init                          000080d6   defined in Debug\stm8s_gpio.o section .text
                                               used in Debug\main.o
_GPIO_ReadInputData                 0000815e   defined in Debug\stm8s_gpio.o section .text
_GPIO_ReadInputPin                  00008161   defined in Debug\stm8s_gpio.o section .text
_GPIO_ReadOutputData                0000815c   defined in Debug\stm8s_gpio.o section .text
_GPIO_Write                         0000813e   defined in Debug\stm8s_gpio.o section .text
                                               used in Debug\main.o
_GPIO_WriteHigh                     00008146   defined in Debug\stm8s_gpio.o section .text
_GPIO_WriteLow                      0000814d   defined in Debug\stm8s_gpio.o section .text
_GPIO_WriteReverse                  00008155   defined in Debug\stm8s_gpio.o section .text
_HSIDivFactor                       ********   *** removed from Debug\stm8s_clk.o ***
_LED_GPIO_Init                      000081a4   defined in Debug\main.o section .text
__endmem                            000013ff   defined in command file
                                               *** not used ***
__endzp                             00000006   defined in command file section .ubsct
                                               used in C:\Program Files (x86)\COSMIC\CXSTM8_32K\Lib\crtsi0.sm8
__idesc__                           00008080   defined in linker section .init
                                               used in C:\Program Files (x86)\COSMIC\CXSTM8_32K\Lib\crtsi0.sm8
__memory                            00000100   defined in command file section .bss
                                               used in C:\Program Files (x86)\COSMIC\CXSTM8_32K\Lib\crtsi0.sm8
__stack                             000017ff   defined in command file
                                               used in C:\Program Files (x86)\COSMIC\CXSTM8_32K\Lib\crtsi0.sm8
__startmem                          00000100   defined in command file section .bss
                                               *** not used ***
__stext                             00008083   defined in C:\Program Files (x86)\COSMIC\CXSTM8_32K\Lib\crtsi0.sm8 section .text
                                               used in Debug\stm8_interrupt_vector.o
__vectab                            00008000   defined in Debug\stm8_interrupt_vector.o section .const
_delay_ms                           00008180   defined in Debug\main.o section .text
_exit                               000080cc   defined in C:\Program Files (x86)\COSMIC\CXSTM8_32K\Lib\crtsi0.sm8 section .text
_main                               000081b0   defined in Debug\main.o section .text
                                               used in C:\Program Files (x86)\COSMIC\CXSTM8_32K\Lib\crtsi0.sm8
c_divsl                             ********   *** removed from (C:\Program Files (x86)\COSMIC\CXSTM8_32K\Lib\libm0.sm8)ldiv.o ***
c_divul                             ********   *** removed from (C:\Program Files (x86)\COSMIC\CXSTM8_32K\Lib\libm0.sm8)ldiv.o ***
c_lgneg                             ********   *** removed from (C:\Program Files (x86)\COSMIC\CXSTM8_32K\Lib\libm0.sm8)lgneg.o ***
c_lneg                              ********   *** removed from (C:\Program Files (x86)\COSMIC\CXSTM8_32K\Lib\libm0.sm8)lneg.o ***
c_lreg                              ********   *** removed from (C:\Program Files (x86)\COSMIC\CXSTM8_32K\Lib\libm0.sm8)lreg.o ***
c_ltor                              ********   *** removed from (C:\Program Files (x86)\COSMIC\CXSTM8_32K\Lib\libm0.sm8)ltor.o ***
c_ludv                              ********   *** removed from (C:\Program Files (x86)\COSMIC\CXSTM8_32K\Lib\libm0.sm8)ludiv.o ***
c_rtol                              ********   *** removed from (C:\Program Files (x86)\COSMIC\CXSTM8_32K\Lib\libm0.sm8)rtol.o ***
c_x                                 00000000   defined in (C:\Program Files (x86)\COSMIC\CXSTM8_32K\Lib\libm0.sm8)xreg.o section .ubsct
                                               used in C:\Program Files (x86)\COSMIC\CXSTM8_32K\Lib\crtsi0.sm8
                                                       (C:\Program Files (x86)\COSMIC\CXSTM8_32K\Lib\libm0.sm8)ldiv.o
c_y                                 00000003   defined in (C:\Program Files (x86)\COSMIC\CXSTM8_32K\Lib\libm0.sm8)yreg.o section .ubsct
                                               used in C:\Program Files (x86)\COSMIC\CXSTM8_32K\Lib\crtsi0.sm8
f_ADC2_IRQHandler                   ********   *** removed from Debug\stm8s_it.o ***
f_AWU_IRQHandler                    ********   *** removed from Debug\stm8s_it.o ***
f_CLK_IRQHandler                    ********   *** removed from Debug\stm8s_it.o ***
f_EEPROM_EEC_IRQHandler             ********   *** removed from Debug\stm8s_it.o ***
f_EXTI_PORTA_IRQHandler             ********   *** removed from Debug\stm8s_it.o ***
f_EXTI_PORTB_IRQHandler             ********   *** removed from Debug\stm8s_it.o ***
f_EXTI_PORTC_IRQHandler             ********   *** removed from Debug\stm8s_it.o ***
f_EXTI_PORTD_IRQHandler             ********   *** removed from Debug\stm8s_it.o ***
f_EXTI_PORTE_IRQHandler             ********   *** removed from Debug\stm8s_it.o ***
f_I2C_IRQHandler                    ********   *** removed from Debug\stm8s_it.o ***
f_NonHandledInterrupt               000081d2   defined in Debug\stm8_interrupt_vector.o section .text
f_SPI_IRQHandler                    ********   *** removed from Debug\stm8s_it.o ***
f_TIM1_CAP_COM_IRQHandler           ********   *** removed from Debug\stm8s_it.o ***
f_TIM1_UPD_OVF_TRG_BRK_IRQHandler   ********   *** removed from Debug\stm8s_it.o ***
f_TIM2_CAP_COM_IRQHandler           ********   *** removed from Debug\stm8s_it.o ***
f_TIM2_UPD_OVF_BRK_IRQHandler       ********   *** removed from Debug\stm8s_it.o ***
f_TIM3_CAP_COM_IRQHandler           ********   *** removed from Debug\stm8s_it.o ***
f_TIM3_UPD_OVF_BRK_IRQHandler       ********   *** removed from Debug\stm8s_it.o ***
f_TIM4_UPD_OVF_IRQHandler           ********   *** removed from Debug\stm8s_it.o ***
f_TLI_IRQHandler                    ********   *** removed from Debug\stm8s_it.o ***
f_TRAP_IRQHandler                   ********   *** removed from Debug\stm8s_it.o ***
f_UART1_RX_IRQHandler               ********   *** removed from Debug\stm8s_it.o ***
f_UART1_TX_IRQHandler               ********   *** removed from Debug\stm8s_it.o ***
f_UART3_RX_IRQHandler               ********   *** removed from Debug\stm8s_it.o ***
f_UART3_TX_IRQHandler               ********   *** removed from Debug\stm8s_it.o ***
