
Map of Debug\demo.sm8 from link file Debug\demo.lkf - Tue Jul 30 15:13:57 2013


                               --------
                               Segments
                               --------

start 00008080 end 000080e4 length   100 segment .const
start 000080e7 end 000091a3 length  4284 segment .text
start 00004000 end 00004000 length     0 segment .eeprom
start 00000000 end 00000000 length     0 segment .bsct
start 00000000 end 0000000a length    10 segment .ubsct
start 0000000a end 0000000a length     0 segment .bit
start 0000000a end 0000000a length     0 segment .share
start 00000100 end 00000100 length     0 segment .data
start 00000100 end 00000100 length     0 segment .bss
start 00000000 end 0000336a length 13162 segment .debug
start 00008000 end 00008080 length   128 segment .const
start 000080e4 end 000080e7 length     3 segment .init


                               -------
                               Modules
                               -------

D:\Program Files\COSMIC\CXSTM8\Lib\crtsi0.sm8:
start 000080e7 end 00008132 length    75 section .text
start 00000100 end 00000100 length     0 section .bss
start 00000000 end 00000000 length     0 section .ubsct

Debug\main.o:
start 00008132 end 0000816d length    59 section .text
start 00000000 end 000001b9 length   441 section .debug

Debug\stm8s_it.o:
start 0000816d end 00008182 length    21 section .text
start 000001b9 end 000007e9 length  1584 section .debug

Debug\stm8s_clk.o:
start 00008182 end 00008894 length  1810 section .text
start 000007e9 end 00001e58 length  5743 section .debug
start 00008080 end 000080b3 length    51 section .const

Debug\stm8s_uart1.o:
start 00008894 end 00008fc3 length  1839 section .text
start 00001e58 end 00003244 length  5100 section .debug
start 000080b3 end 000080e4 length    49 section .const

(D:\Program Files\COSMIC\CXSTM8\Lib\libm0.sm8)lcmp.o:
start 00008fc3 end 00008fe3 length    32 section .text

(D:\Program Files\COSMIC\CXSTM8\Lib\libm0.sm8)llsh.o:
start 00008fe3 end 00008ff2 length    15 section .text

(D:\Program Files\COSMIC\CXSTM8\Lib\libm0.sm8)lreg.o:
start 00000000 end 00000004 length     4 section .ubsct

(D:\Program Files\COSMIC\CXSTM8\Lib\libm0.sm8)lsub.o:
start 00008ff2 end 0000900a length    24 section .text

(D:\Program Files\COSMIC\CXSTM8\Lib\libm0.sm8)ltor.o:
start 0000900a end 0000901c length    18 section .text

(D:\Program Files\COSMIC\CXSTM8\Lib\libm0.sm8)ludiv.o:
start 0000901c end 00009030 length    20 section .text

(D:\Program Files\COSMIC\CXSTM8\Lib\libm0.sm8)ldiv.o:
start 00009030 end 0000911b length   235 section .text

(D:\Program Files\COSMIC\CXSTM8\Lib\libm0.sm8)lgneg.o:
start 0000911b end 0000912e length    19 section .text

(D:\Program Files\COSMIC\CXSTM8\Lib\libm0.sm8)lneg.o:
start 0000912e end 00009143 length    21 section .text

(D:\Program Files\COSMIC\CXSTM8\Lib\libm0.sm8)lursh.o:
start 00009143 end 00009152 length    15 section .text

(D:\Program Files\COSMIC\CXSTM8\Lib\libm0.sm8)rtol.o:
start 00009152 end 00009164 length    18 section .text

(D:\Program Files\COSMIC\CXSTM8\Lib\libm0.sm8)smul.o:
start 00009164 end 000091a3 length    63 section .text

(D:\Program Files\COSMIC\CXSTM8\Lib\libm0.sm8)xreg.o:
start 00000004 end 00000007 length     3 section .ubsct

(D:\Program Files\COSMIC\CXSTM8\Lib\libm0.sm8)yreg.o:
start 00000007 end 0000000a length     3 section .ubsct

Debug\stm8_interrupt_vector.o:
start 00003244 end 0000336a length   294 section .debug
start 00008000 end 00008080 length   128 section .const


                             -----------
                             Stack usage
                             -----------

Debug\main.o:
_Init_UART1                            50   (2)
_Send                                  14   (3)
_assert_failed                          6   (6)
_main                              >   53   (3)

Debug\stm8s_clk.o:
_CLK_AdjustHSICalibrationValue     >    9   (3)
_CLK_CCOCmd                        >    9   (3)
_CLK_CCOConfig                     >    9   (3)
_CLK_ClearITPendingBit             >    9   (3)
_CLK_ClockSecuritySystemEnable     >    2   (2)
_CLK_ClockSwitchCmd                >    9   (3)
_CLK_ClockSwitchConfig             >   16   (10)
_CLK_DeInit                        >    2   (2)
_CLK_FastHaltWakeUpCmd             >    9   (3)
_CLK_GetClockFreq                      25   (11)
_CLK_GetFlagStatus                 >   13   (7)
_CLK_GetITStatus                   >   10   (4)
_CLK_GetSYSCLKSource               >    2   (2)
_CLK_HSECmd                        >    9   (3)
_CLK_HSICmd                        >    9   (3)
_CLK_HSIPrescalerConfig            >    9   (3)
_CLK_ITConfig                      >   10   (4)
_CLK_LSICmd                        >    9   (3)
_CLK_PeripheralClockConfig         >   10   (4)
_CLK_SWIMConfig                    >    9   (3)
_CLK_SYSCLKConfig                  >    9   (3)
_CLK_SYSCLKEmergencyClear          >    2   (2)
_CLK_SlowActiveHaltWakeUpCmd       >    9   (3)

Debug\stm8s_it.o:
f_ADC1_IRQHandler                  >    5   (5)
f_AWU_IRQHandler                   >    5   (5)
f_CLK_IRQHandler                   >    5   (5)
f_EEPROM_EEC_IRQHandler            >    5   (5)
f_EXTI_PORTA_IRQHandler            >    5   (5)
f_EXTI_PORTB_IRQHandler            >    5   (5)
f_EXTI_PORTC_IRQHandler            >    5   (5)
f_EXTI_PORTD_IRQHandler            >    5   (5)
f_EXTI_PORTE_IRQHandler            >    5   (5)
f_I2C_IRQHandler                   >    5   (5)
f_NonHandledInterrupt              >    5   (5)
f_SPI_IRQHandler                   >    5   (5)
f_TIM1_CAP_COM_IRQHandler          >    5   (5)
f_TIM1_UPD_OVF_TRG_BRK_IRQHandler  >    5   (5)
f_TIM2_CAP_COM_IRQHandler          >    5   (5)
f_TIM2_UPD_OVF_BRK_IRQHandler      >    5   (5)
f_TIM4_UPD_OVF_IRQHandler          >    5   (5)
f_TLI_IRQHandler                   >    5   (5)
f_TRAP_IRQHandler                  >    5   (5)
f_UART1_RX_IRQHandler              >    5   (5)
f_UART1_TX_IRQHandler              >    5   (5)

Debug\stm8s_uart1.o:
_UART1_ClearFlag                   >   10   (4)
_UART1_ClearITPendingBit           >   10   (4)
_UART1_Cmd                         >    2   (2)
_UART1_DeInit                           2   (2)
_UART1_GetFlagStatus                   11   (5)
_UART1_GetITStatus                 >   12   (6)
_UART1_HalfDuplexCmd               >    9   (3)
_UART1_ITConfig                    >   13   (7)
_UART1_Init                            48   (23)
_UART1_IrDACmd                     >    9   (3)
_UART1_IrDAConfig                  >    9   (3)
_UART1_LINBreakDetectionConfig     >    9   (3)
_UART1_LINCmd                      >    9   (3)
_UART1_ReceiveData8                >    2   (2)
_UART1_ReceiveData9                >    4   (4)
_UART1_ReceiverWakeUpCmd           >    9   (3)
_UART1_SendBreak                   >    2   (2)
_UART1_SendData8                        2   (2)
_UART1_SendData9                   >    4   (4)
_UART1_SetAddress                  >    9   (3)
_UART1_SetGuardTime                >    2   (2)
_UART1_SetPrescaler                >    2   (2)
_UART1_SmartCardCmd                >    9   (3)
_UART1_SmartCardNACKCmd            >    9   (3)
_UART1_WakeUpConfig                >    9   (3)

Stack size: 58


                              ---------
                              Call tree
                              ---------
   1 > _CLK_AdjustHSICalibrationValue: (3)
   2      + _assert_failed: (6)
       
   3 > _CLK_CCOCmd: (3)
   4      + _assert_failed --> 2
       
   5 > _CLK_CCOConfig: (3)
   6      + _assert_failed --> 2
       
   7 > _CLK_ClearITPendingBit: (3)
   8      + _assert_failed --> 2
       
   9 > _CLK_ClockSecuritySystemEnable: (2)

  10 > _CLK_ClockSwitchCmd: (3)
  11      + _assert_failed --> 2
       
  12 > _CLK_ClockSwitchConfig: (10)
  13      + _assert_failed --> 2
       
  14 > _CLK_DeInit: (2)

  15 > _CLK_FastHaltWakeUpCmd: (3)
  16      + _assert_failed --> 2
       
  17 > _CLK_GetFlagStatus: (7)
  18      + _assert_failed --> 2
       
  19 > _CLK_GetITStatus: (4)
  20      + _assert_failed --> 2
       
  21 > _CLK_GetSYSCLKSource: (2)

  22 > _CLK_HSECmd: (3)
  23      + _assert_failed --> 2
       
  24 > _CLK_HSICmd: (3)
  25      + _assert_failed --> 2
       
  26 > _CLK_HSIPrescalerConfig: (3)
  27      + _assert_failed --> 2
       
  28 > _CLK_ITConfig: (4)
  29      + _assert_failed --> 2
       
  30 > _CLK_LSICmd: (3)
  31      + _assert_failed --> 2
       
  32 > _CLK_PeripheralClockConfig: (4)
  33      + _assert_failed --> 2
       
  34 > _CLK_SWIMConfig: (3)
  35      + _assert_failed --> 2
       
  36 > _CLK_SYSCLKConfig: (3)
  37      + _assert_failed --> 2
       
  38 > _CLK_SYSCLKEmergencyClear: (2)

  39 > _CLK_SlowActiveHaltWakeUpCmd: (3)
  40      + _assert_failed --> 2
       
  41 > _UART1_ClearFlag: (4)
  42      + _assert_failed --> 2
       
  43 > _UART1_ClearITPendingBit: (4)
  44      + _assert_failed --> 2
       
  45 > _UART1_Cmd: (2)

  46 > _UART1_GetITStatus: (6)
  47      + _assert_failed --> 2
       
  48 > _UART1_HalfDuplexCmd: (3)
  49      + _assert_failed --> 2
       
  50 > _UART1_ITConfig: (7)
  51      + _assert_failed --> 2
       
  52 > _UART1_IrDACmd: (3)
  53      + _assert_failed --> 2
       
  54 > _UART1_IrDAConfig: (3)
  55      + _assert_failed --> 2
       
  56 > _UART1_LINBreakDetectionConfig: (3)
  57      + _assert_failed --> 2
       
  58 > _UART1_LINCmd: (3)
  59      + _assert_failed --> 2
       
  60 > _UART1_ReceiveData8: (2)

  61 > _UART1_ReceiveData9: (4)

  62 > _UART1_ReceiverWakeUpCmd: (3)
  63      + _assert_failed --> 2
       
  64 > _UART1_SendBreak: (2)

  65 > _UART1_SendData9: (4)

  66 > _UART1_SetAddress: (3)
  67      + _assert_failed --> 2
       
  68 > _UART1_SetGuardTime: (2)

  69 > _UART1_SetPrescaler: (2)

  70 > _UART1_SmartCardCmd: (3)
  71      + _assert_failed --> 2
       
  72 > _UART1_SmartCardNACKCmd: (3)
  73      + _assert_failed --> 2
       
  74 > _UART1_WakeUpConfig: (3)
  75      + _assert_failed --> 2
       
  76 > __stext: (0)

  77 > _main: (3)
  78      + _Init_UART1: (2)
  79      |    + _UART1_DeInit: (2)
  80      |    + _UART1_Init: (23)
  81      |    |    + _CLK_GetClockFreq: (11)
  82      |    |    + _assert_failed --> 2
          |    | 
          | 
  83      + _Send: (3)
  84      |    + _UART1_GetFlagStatus: (5)
  85      |    |    + _assert_failed --> 2
          |    | 
  86      |    + _UART1_SendData8: (2)
          | 
       
  87 > f_ADC1_IRQHandler: (5)

  88 > f_AWU_IRQHandler: (5)

  89 > f_CLK_IRQHandler: (5)

  90 > f_EEPROM_EEC_IRQHandler: (5)

  91 > f_EXTI_PORTA_IRQHandler: (5)

  92 > f_EXTI_PORTB_IRQHandler: (5)

  93 > f_EXTI_PORTC_IRQHandler: (5)

  94 > f_EXTI_PORTD_IRQHandler: (5)

  95 > f_EXTI_PORTE_IRQHandler: (5)

  96 > f_I2C_IRQHandler: (5)

  97 > f_NonHandledInterrupt: (5)

  98 > f_SPI_IRQHandler: (5)

  99 > f_TIM1_CAP_COM_IRQHandler: (5)

 100 > f_TIM1_UPD_OVF_TRG_BRK_IRQHandler: (5)

 101 > f_TIM2_CAP_COM_IRQHandler: (5)

 102 > f_TIM2_UPD_OVF_BRK_IRQHandler: (5)

 103 > f_TIM4_UPD_OVF_IRQHandler: (5)

 104 > f_TLI_IRQHandler: (5)

 105 > f_TRAP_IRQHandler: (5)

 106 > f_UART1_RX_IRQHandler: (5)

 107 > f_UART1_TX_IRQHandler: (5)

 108   _CLK_GetClockFreq --> 81

 109   _Init_UART1 --> 78

 110   _Send --> 83

 111   _UART1_DeInit --> 79

 112   _UART1_GetFlagStatus --> 84

 113   _UART1_Init --> 80

 114   _UART1_SendData8 --> 86

 115   _assert_failed --> 2



                               -------
                               Symbols
                               -------

_CLKPrescTable                      00008084   defined in Debug\stm8s_clk.o section .const
_CLK_AdjustHSICalibrationValue      0000871a   defined in Debug\stm8s_clk.o section .text
_CLK_CCOCmd                         00008266   defined in Debug\stm8s_clk.o section .text
_CLK_CCOConfig                      0000851f   defined in Debug\stm8s_clk.o section .text
_CLK_ClearITPendingBit              00008866   defined in Debug\stm8s_clk.o section .text
_CLK_ClockSecuritySystemEnable      0000868c   defined in Debug\stm8s_clk.o section .text
_CLK_ClockSwitchCmd                 00008291   defined in Debug\stm8s_clk.o section .text
_CLK_ClockSwitchConfig              000083d5   defined in Debug\stm8s_clk.o section .text
_CLK_DeInit                         00008182   defined in Debug\stm8s_clk.o section .text
_CLK_FastHaltWakeUpCmd              000081ba   defined in Debug\stm8s_clk.o section .text
_CLK_GetClockFreq                   00008695   defined in Debug\stm8s_clk.o section .text
                                               used in Debug\stm8s_uart1.o
_CLK_GetFlagStatus                  0000875e   defined in Debug\stm8s_clk.o section .text
_CLK_GetITStatus                    00008819   defined in Debug\stm8s_clk.o section .text
_CLK_GetSYSCLKSource                00008691   defined in Debug\stm8s_clk.o section .text
_CLK_HSECmd                         000081e5   defined in Debug\stm8s_clk.o section .text
_CLK_HSICmd                         00008210   defined in Debug\stm8s_clk.o section .text
_CLK_HSIPrescalerConfig             000084ea   defined in Debug\stm8s_clk.o section .text
_CLK_ITConfig                       0000857c   defined in Debug\stm8s_clk.o section .text
_CLK_LSICmd                         0000823b   defined in Debug\stm8s_clk.o section .text
_CLK_PeripheralClockConfig          000082e7   defined in Debug\stm8s_clk.o section .text
_CLK_SWIMConfig                     00008661   defined in Debug\stm8s_clk.o section .text
_CLK_SYSCLKConfig                   000085f0   defined in Debug\stm8s_clk.o section .text
_CLK_SYSCLKEmergencyClear           00008759   defined in Debug\stm8s_clk.o section .text
_CLK_SlowActiveHaltWakeUpCmd        000082bc   defined in Debug\stm8s_clk.o section .text
_HSIDivFactor                       00008080   defined in Debug\stm8s_clk.o section .const
_Init_UART1                         00008132   defined in Debug\main.o section .text
_Send                               0000814d   defined in Debug\main.o section .text
_UART1_ClearFlag                    00008e80   defined in Debug\stm8s_uart1.o section .text
_UART1_ClearITPendingBit            00008f92   defined in Debug\stm8s_uart1.o section .text
_UART1_Cmd                          00008b16   defined in Debug\stm8s_uart1.o section .text
_UART1_DeInit                       00008894   defined in Debug\stm8s_uart1.o section .text
                                               used in Debug\main.o
_UART1_GetFlagStatus                00008df3   defined in Debug\stm8s_uart1.o section .text
                                               used in Debug\main.o
_UART1_GetITStatus                  00008eb1   defined in Debug\stm8s_uart1.o section .text
_UART1_HalfDuplexCmd                00008bf7   defined in Debug\stm8s_uart1.o section .text
_UART1_ITConfig                     00008b24   defined in Debug\stm8s_uart1.o section .text
_UART1_Init                         000088c1   defined in Debug\stm8s_uart1.o section .text
                                               used in Debug\main.o
_UART1_IrDACmd                      00008c4d   defined in Debug\stm8s_uart1.o section .text
_UART1_IrDAConfig                   00008c22   defined in Debug\stm8s_uart1.o section .text
_UART1_LINBreakDetectionConfig      00008c78   defined in Debug\stm8s_uart1.o section .text
_UART1_LINCmd                       00008ca3   defined in Debug\stm8s_uart1.o section .text
_UART1_ReceiveData8                 00008d78   defined in Debug\stm8s_uart1.o section .text
_UART1_ReceiveData9                 00008d7c   defined in Debug\stm8s_uart1.o section .text
_UART1_ReceiverWakeUpCmd            00008d4d   defined in Debug\stm8s_uart1.o section .text
_UART1_SendBreak                    00008dbc   defined in Debug\stm8s_uart1.o section .text
_UART1_SendData8                    00008da1   defined in Debug\stm8s_uart1.o section .text
                                               used in Debug\main.o
_UART1_SendData9                    00008da5   defined in Debug\stm8s_uart1.o section .text
_UART1_SetAddress                   00008dc1   defined in Debug\stm8s_uart1.o section .text
_UART1_SetGuardTime                 00008deb   defined in Debug\stm8s_uart1.o section .text
_UART1_SetPrescaler                 00008def   defined in Debug\stm8s_uart1.o section .text
_UART1_SmartCardCmd                 00008cce   defined in Debug\stm8s_uart1.o section .text
_UART1_SmartCardNACKCmd             00008cf9   defined in Debug\stm8s_uart1.o section .text
_UART1_WakeUpConfig                 00008d24   defined in Debug\stm8s_uart1.o section .text
__endmem                            000001ff   defined in command file
                                               *** not used ***
__endzp                             0000000a   defined in command file section .ubsct
                                               used in D:\Program Files\COSMIC\CXSTM8\Lib\crtsi0.sm8
__idesc__                           000080e4   defined in linker section .init
                                               used in D:\Program Files\COSMIC\CXSTM8\Lib\crtsi0.sm8
__memory                            00000100   defined in command file section .bss
                                               used in D:\Program Files\COSMIC\CXSTM8\Lib\crtsi0.sm8
__stack                             000003ff   defined in command file
                                               used in D:\Program Files\COSMIC\CXSTM8\Lib\crtsi0.sm8
__startmem                          00000100   defined in command file section .bss
                                               *** not used ***
__stext                             000080e7   defined in D:\Program Files\COSMIC\CXSTM8\Lib\crtsi0.sm8 section .text
                                               used in Debug\stm8_interrupt_vector.o
__vectab                            00008000   defined in Debug\stm8_interrupt_vector.o section .const
_assert_failed                      0000816b   defined in Debug\main.o section .text
                                               used in Debug\stm8s_clk.o
                                                       Debug\stm8s_uart1.o
_exit                               00008130   defined in D:\Program Files\COSMIC\CXSTM8\Lib\crtsi0.sm8 section .text
_main                               0000815e   defined in Debug\main.o section .text
                                               used in D:\Program Files\COSMIC\CXSTM8\Lib\crtsi0.sm8
c_divsl                             00009030   defined in (D:\Program Files\COSMIC\CXSTM8\Lib\libm0.sm8)ldiv.o section .text
                                               *** not used ***
c_divul                             00009047   defined in (D:\Program Files\COSMIC\CXSTM8\Lib\libm0.sm8)ldiv.o section .text
                                               used in (D:\Program Files\COSMIC\CXSTM8\Lib\libm0.sm8)ludiv.o
c_lcmp                              00008fc3   defined in (D:\Program Files\COSMIC\CXSTM8\Lib\libm0.sm8)lcmp.o section .text
                                               used in Debug\stm8s_uart1.o
c_lgneg                             0000911b   defined in (D:\Program Files\COSMIC\CXSTM8\Lib\libm0.sm8)lgneg.o section .text
                                               used in (D:\Program Files\COSMIC\CXSTM8\Lib\libm0.sm8)ldiv.o
c_llsh                              00008fe3   defined in (D:\Program Files\COSMIC\CXSTM8\Lib\libm0.sm8)llsh.o section .text
                                               used in Debug\stm8s_uart1.o
c_lneg                              0000912e   defined in (D:\Program Files\COSMIC\CXSTM8\Lib\libm0.sm8)lneg.o section .text
                                               used in (D:\Program Files\COSMIC\CXSTM8\Lib\libm0.sm8)ldiv.o
c_lreg                              00000000   defined in (D:\Program Files\COSMIC\CXSTM8\Lib\libm0.sm8)lreg.o section .ubsct
                                               used in Debug\stm8s_clk.o
                                                       Debug\stm8s_uart1.o
                                                       (D:\Program Files\COSMIC\CXSTM8\Lib\libm0.sm8)lcmp.o
                                                       (D:\Program Files\COSMIC\CXSTM8\Lib\libm0.sm8)llsh.o
                                                       (D:\Program Files\COSMIC\CXSTM8\Lib\libm0.sm8)lsub.o
                                                       (D:\Program Files\COSMIC\CXSTM8\Lib\libm0.sm8)ltor.o
                                                       (D:\Program Files\COSMIC\CXSTM8\Lib\libm0.sm8)ldiv.o
                                                       (D:\Program Files\COSMIC\CXSTM8\Lib\libm0.sm8)lneg.o
                                                       (D:\Program Files\COSMIC\CXSTM8\Lib\libm0.sm8)lursh.o
                                                       (D:\Program Files\COSMIC\CXSTM8\Lib\libm0.sm8)rtol.o
                                                       (D:\Program Files\COSMIC\CXSTM8\Lib\libm0.sm8)smul.o
c_lsub                              00008ff2   defined in (D:\Program Files\COSMIC\CXSTM8\Lib\libm0.sm8)lsub.o section .text
                                               used in Debug\stm8s_uart1.o
c_ltor                              0000900a   defined in (D:\Program Files\COSMIC\CXSTM8\Lib\libm0.sm8)ltor.o section .text
                                               used in Debug\stm8s_clk.o
                                                       Debug\stm8s_uart1.o
c_ludv                              0000901c   defined in (D:\Program Files\COSMIC\CXSTM8\Lib\libm0.sm8)ludiv.o section .text
                                               used in Debug\stm8s_clk.o
                                                       Debug\stm8s_uart1.o
c_lursh                             00009143   defined in (D:\Program Files\COSMIC\CXSTM8\Lib\libm0.sm8)lursh.o section .text
                                               used in Debug\stm8s_uart1.o
c_rtol                              00009152   defined in (D:\Program Files\COSMIC\CXSTM8\Lib\libm0.sm8)rtol.o section .text
                                               used in Debug\stm8s_clk.o
                                                       Debug\stm8s_uart1.o
c_smul                              00009164   defined in (D:\Program Files\COSMIC\CXSTM8\Lib\libm0.sm8)smul.o section .text
                                               used in Debug\stm8s_uart1.o
c_x                                 00000004   defined in (D:\Program Files\COSMIC\CXSTM8\Lib\libm0.sm8)xreg.o section .ubsct
                                               used in D:\Program Files\COSMIC\CXSTM8\Lib\crtsi0.sm8
                                                       (D:\Program Files\COSMIC\CXSTM8\Lib\libm0.sm8)ldiv.o
c_y                                 00000007   defined in (D:\Program Files\COSMIC\CXSTM8\Lib\libm0.sm8)yreg.o section .ubsct
                                               used in D:\Program Files\COSMIC\CXSTM8\Lib\crtsi0.sm8
f_ADC1_IRQHandler                   0000817f   defined in Debug\stm8s_it.o section .text
                                               used in Debug\stm8_interrupt_vector.o
f_AWU_IRQHandler                    00008170   defined in Debug\stm8s_it.o section .text
                                               used in Debug\stm8_interrupt_vector.o
f_CLK_IRQHandler                    00008171   defined in Debug\stm8s_it.o section .text
                                               used in Debug\stm8_interrupt_vector.o
f_EEPROM_EEC_IRQHandler             00008181   defined in Debug\stm8s_it.o section .text
                                               used in Debug\stm8_interrupt_vector.o
f_EXTI_PORTA_IRQHandler             00008172   defined in Debug\stm8s_it.o section .text
                                               used in Debug\stm8_interrupt_vector.o
f_EXTI_PORTB_IRQHandler             00008173   defined in Debug\stm8s_it.o section .text
                                               used in Debug\stm8_interrupt_vector.o
f_EXTI_PORTC_IRQHandler             00008174   defined in Debug\stm8s_it.o section .text
                                               used in Debug\stm8_interrupt_vector.o
f_EXTI_PORTD_IRQHandler             00008175   defined in Debug\stm8s_it.o section .text
                                               used in Debug\stm8_interrupt_vector.o
f_EXTI_PORTE_IRQHandler             00008176   defined in Debug\stm8s_it.o section .text
                                               used in Debug\stm8_interrupt_vector.o
f_I2C_IRQHandler                    0000817e   defined in Debug\stm8s_it.o section .text
                                               used in Debug\stm8_interrupt_vector.o
f_NonHandledInterrupt               0000816d   defined in Debug\stm8s_it.o section .text
                                               used in Debug\stm8_interrupt_vector.o
f_SPI_IRQHandler                    00008177   defined in Debug\stm8s_it.o section .text
                                               used in Debug\stm8_interrupt_vector.o
f_TIM1_CAP_COM_IRQHandler           00008179   defined in Debug\stm8s_it.o section .text
                                               used in Debug\stm8_interrupt_vector.o
f_TIM1_UPD_OVF_TRG_BRK_IRQHandler   00008178   defined in Debug\stm8s_it.o section .text
                                               used in Debug\stm8_interrupt_vector.o
f_TIM2_CAP_COM_IRQHandler           0000817b   defined in Debug\stm8s_it.o section .text
                                               used in Debug\stm8_interrupt_vector.o
f_TIM2_UPD_OVF_BRK_IRQHandler       0000817a   defined in Debug\stm8s_it.o section .text
                                               used in Debug\stm8_interrupt_vector.o
f_TIM4_UPD_OVF_IRQHandler           00008180   defined in Debug\stm8s_it.o section .text
                                               used in Debug\stm8_interrupt_vector.o
f_TLI_IRQHandler                    0000816f   defined in Debug\stm8s_it.o section .text
                                               used in Debug\stm8_interrupt_vector.o
f_TRAP_IRQHandler                   0000816e   defined in Debug\stm8s_it.o section .text
                                               used in Debug\stm8_interrupt_vector.o
f_UART1_RX_IRQHandler               0000817d   defined in Debug\stm8s_it.o section .text
                                               used in Debug\stm8_interrupt_vector.o
f_UART1_TX_IRQHandler               0000817c   defined in Debug\stm8s_it.o section .text
                                               used in Debug\stm8_interrupt_vector.o
