
Map of Debug\timer.sm8 from link file Debug\timer.lkf - Sat Oct 19 10:58:12 2013


                               --------
                               Segments
                               --------

start 00008080 end 00008080 length     0 segment .const
start 00008089 end 00008119 length   144 segment .text
start 00004000 end 00004000 length     0 segment .eeprom
start 00000000 end 00000001 length     1 segment .bsct, initialized
start 00008088 end 00008089 length     1 segment .bsct, from
start 00000001 end 00000007 length     6 segment .ubsct
start 00000007 end 00000007 length     0 segment .bit
start 00000007 end 00000007 length     0 segment .share
start 00000100 end 00000100 length     0 segment .data
start 00000100 end 00000100 length     0 segment .bss
start 00000000 end 00001d0c length  7436 segment .debug
start 00008000 end 00008080 length   128 segment .const
start 00008080 end 00008088 length     8 segment .init


                               -------
                               Modules
                               -------

c:\Program Files\COSMIC\CXSTM8\Lib\crtsi0.sm8:
start 00008089 end 000080d4 length    75 section .text
start 00000100 end 00000100 length     0 section .bss
start 00000001 end 00000001 length     0 section .ubsct

Debug\main.o:
start 000080d4 end 00008118 length    68 section .text
start 00000000 end 00000001 length     1 section .bsct
start 00000000 end 00001ba1 length  7073 section .debug

(c:\Program Files\COSMIC\CXSTM8\Lib\libm0.sm8)xreg.o:
start 00000001 end 00000004 length     3 section .ubsct

(c:\Program Files\COSMIC\CXSTM8\Lib\libm0.sm8)yreg.o:
start 00000004 end 00000007 length     3 section .ubsct

Debug\stm8_interrupt_vector.o:
start 00008118 end 00008119 length     1 section .text
start 00001ba1 end 00001d0c length   363 section .debug
start 00008000 end 00008080 length   128 section .const


                             -----------
                             Stack usage
                             -----------

Debug\main.o:
_Init_GPIO                      2   (2)
_Init_Timer4                    2   (2)
_main                      >    4   (2)
f_TIM4_UPD_OVF_IRQHandler  >    5   (5)

Debug\stm8_interrupt_vector.o:
f_NonHandledInterrupt      >    5   (5)

Stack size: 9


                              ---------
                              Call tree
                              ---------
   1 > __stext: (0)

   2 > _main: (2)
   3      + _Init_GPIO: (2)
   4      + _Init_Timer4: (2)
       
   5 > f_NonHandledInterrupt: (5)

   6 > f_TIM4_UPD_OVF_IRQHandler: (5)

   7   _Init_GPIO --> 3

   8   _Init_Timer4 --> 4



                               -------
                               Symbols
                               -------

_ADC_AWCR                   0000540e   defined in Debug\main.o
_ADC_AWCRH                  0000540e   defined in Debug\main.o
_ADC_AWCRL                  0000540f   defined in Debug\main.o
_ADC_AWSR                   0000540c   defined in Debug\main.o
_ADC_AWSRH                  0000540c   defined in Debug\main.o
_ADC_AWSRL                  0000540d   defined in Debug\main.o
_ADC_CR1                    00005401   defined in Debug\main.o
_ADC_CR2                    00005402   defined in Debug\main.o
_ADC_CR3                    00005403   defined in Debug\main.o
_ADC_CSR                    00005400   defined in Debug\main.o
_ADC_DB0R                   000053e0   defined in Debug\main.o
_ADC_DB0RH                  000053e0   defined in Debug\main.o
_ADC_DB0RL                  000053e1   defined in Debug\main.o
_ADC_DB1R                   000053e2   defined in Debug\main.o
_ADC_DB1RH                  000053e2   defined in Debug\main.o
_ADC_DB1RL                  000053e3   defined in Debug\main.o
_ADC_DB2R                   000053e4   defined in Debug\main.o
_ADC_DB2RH                  000053e4   defined in Debug\main.o
_ADC_DB2RL                  000053e5   defined in Debug\main.o
_ADC_DB3R                   000053e6   defined in Debug\main.o
_ADC_DB3RH                  000053e6   defined in Debug\main.o
_ADC_DB3RL                  000053e7   defined in Debug\main.o
_ADC_DB4R                   000053e8   defined in Debug\main.o
_ADC_DB4RH                  000053e8   defined in Debug\main.o
_ADC_DB4RL                  000053e9   defined in Debug\main.o
_ADC_DB5R                   000053ea   defined in Debug\main.o
_ADC_DB5RH                  000053ea   defined in Debug\main.o
_ADC_DB5RL                  000053eb   defined in Debug\main.o
_ADC_DB6R                   000053ec   defined in Debug\main.o
_ADC_DB6RH                  000053ec   defined in Debug\main.o
_ADC_DB6RL                  000053ed   defined in Debug\main.o
_ADC_DB7R                   000053ee   defined in Debug\main.o
_ADC_DB7RH                  000053ee   defined in Debug\main.o
_ADC_DB7RL                  000053ef   defined in Debug\main.o
_ADC_DB8R                   000053f0   defined in Debug\main.o
_ADC_DB8RH                  000053f0   defined in Debug\main.o
_ADC_DB8RL                  000053f1   defined in Debug\main.o
_ADC_DB9R                   000053f2   defined in Debug\main.o
_ADC_DB9RH                  000053f2   defined in Debug\main.o
_ADC_DB9RL                  000053f3   defined in Debug\main.o
_ADC_DR                     00005404   defined in Debug\main.o
_ADC_DRH                    00005404   defined in Debug\main.o
_ADC_DRL                    00005405   defined in Debug\main.o
_ADC_HTR                    00005408   defined in Debug\main.o
_ADC_HTRH                   00005408   defined in Debug\main.o
_ADC_HTRL                   00005409   defined in Debug\main.o
_ADC_LTR                    0000540a   defined in Debug\main.o
_ADC_LTRH                   0000540a   defined in Debug\main.o
_ADC_LTRL                   0000540b   defined in Debug\main.o
_ADC_TDR                    00005406   defined in Debug\main.o
_ADC_TDRH                   00005406   defined in Debug\main.o
_ADC_TDRL                   00005407   defined in Debug\main.o
_AWU_APR                    000050f1   defined in Debug\main.o
_AWU_CSR                    000050f0   defined in Debug\main.o
_AWU_TBR                    000050f2   defined in Debug\main.o
_BEEP_CSR                   000050f3   defined in Debug\main.o
_CFG_GCR                    00007f60   defined in Debug\main.o
_CLK_CANCCR                 000050cb   defined in Debug\main.o
_CLK_CCOR                   000050c9   defined in Debug\main.o
_CLK_CKDIVR                 000050c6   defined in Debug\main.o
_CLK_CMSR                   000050c3   defined in Debug\main.o
_CLK_CSSR                   000050c8   defined in Debug\main.o
_CLK_ECKR                   000050c1   defined in Debug\main.o
_CLK_HSITRIMR               000050cc   defined in Debug\main.o
_CLK_ICKR                   000050c0   defined in Debug\main.o
_CLK_PCKENR1                000050c7   defined in Debug\main.o
_CLK_PCKENR2                000050ca   defined in Debug\main.o
_CLK_SWCR                   000050c5   defined in Debug\main.o
_CLK_SWIMCCR                000050cd   defined in Debug\main.o
_CLK_SWR                    000050c4   defined in Debug\main.o
_EXTI_CR1                   000050a0   defined in Debug\main.o
_EXTI_CR2                   000050a1   defined in Debug\main.o
_FLASH_CR1                  0000505a   defined in Debug\main.o
_FLASH_CR2                  0000505b   defined in Debug\main.o
_FLASH_DUKR                 00005064   defined in Debug\main.o
_FLASH_FPR                  0000505d   defined in Debug\main.o
_FLASH_IAPSR                0000505f   defined in Debug\main.o
_FLASH_NCR2                 0000505c   defined in Debug\main.o
_FLASH_NFPR                 0000505e   defined in Debug\main.o
_FLASH_PUKR                 00005062   defined in Debug\main.o
_I2C_CCRH                   0000521c   defined in Debug\main.o
_I2C_CCRL                   0000521b   defined in Debug\main.o
_I2C_CR1                    00005210   defined in Debug\main.o
_I2C_CR2                    00005211   defined in Debug\main.o
_I2C_DR                     00005216   defined in Debug\main.o
_I2C_FREQR                  00005212   defined in Debug\main.o
_I2C_ITR                    0000521a   defined in Debug\main.o
_I2C_OARH                   00005214   defined in Debug\main.o
_I2C_OARL                   00005213   defined in Debug\main.o
_I2C_PECR                   0000521e   defined in Debug\main.o
_I2C_SR1                    00005217   defined in Debug\main.o
_I2C_SR2                    00005218   defined in Debug\main.o
_I2C_SR3                    00005219   defined in Debug\main.o
_I2C_TRISER                 0000521d   defined in Debug\main.o
_ITC_SPR1                   00007f70   defined in Debug\main.o
_ITC_SPR2                   00007f71   defined in Debug\main.o
_ITC_SPR3                   00007f72   defined in Debug\main.o
_ITC_SPR4                   00007f73   defined in Debug\main.o
_ITC_SPR5                   00007f74   defined in Debug\main.o
_ITC_SPR6                   00007f75   defined in Debug\main.o
_ITC_SPR7                   00007f76   defined in Debug\main.o
_IWDG_KR                    000050e0   defined in Debug\main.o
_IWDG_PR                    000050e1   defined in Debug\main.o
_IWDG_RLR                   000050e2   defined in Debug\main.o
_Init_GPIO                  000080ed   defined in Debug\main.o section .text
_Init_Timer4                000080d4   defined in Debug\main.o section .text
_PA_CR1                     00005003   defined in Debug\main.o
_PA_CR2                     00005004   defined in Debug\main.o
_PA_DDR                     00005002   defined in Debug\main.o
_PA_IDR                     00005001   defined in Debug\main.o
_PA_ODR                     00005000   defined in Debug\main.o
_PB_CR1                     00005008   defined in Debug\main.o
_PB_CR2                     00005009   defined in Debug\main.o
_PB_DDR                     00005007   defined in Debug\main.o
_PB_IDR                     00005006   defined in Debug\main.o
_PB_ODR                     00005005   defined in Debug\main.o
_PC_CR1                     0000500d   defined in Debug\main.o
_PC_CR2                     0000500e   defined in Debug\main.o
_PC_DDR                     0000500c   defined in Debug\main.o
_PC_IDR                     0000500b   defined in Debug\main.o
_PC_ODR                     0000500a   defined in Debug\main.o
_PD_CR1                     00005012   defined in Debug\main.o
_PD_CR2                     00005013   defined in Debug\main.o
_PD_DDR                     00005011   defined in Debug\main.o
_PD_IDR                     00005010   defined in Debug\main.o
_PD_ODR                     0000500f   defined in Debug\main.o
_RST_SR                     000050b3   defined in Debug\main.o
_SPI_CR1                    00005200   defined in Debug\main.o
_SPI_CR2                    00005201   defined in Debug\main.o
_SPI_CRCPR                  00005205   defined in Debug\main.o
_SPI_DR                     00005204   defined in Debug\main.o
_SPI_ICR                    00005202   defined in Debug\main.o
_SPI_RXCRCR                 00005206   defined in Debug\main.o
_SPI_SR                     00005203   defined in Debug\main.o
_SPI_TXCRCR                 00005207   defined in Debug\main.o
_TIM1_ARR                   00005262   defined in Debug\main.o
_TIM1_ARRH                  00005262   defined in Debug\main.o
_TIM1_ARRL                  00005263   defined in Debug\main.o
_TIM1_BKR                   0000526d   defined in Debug\main.o
_TIM1_CCER1                 0000525c   defined in Debug\main.o
_TIM1_CCER2                 0000525d   defined in Debug\main.o
_TIM1_CCMR1                 00005258   defined in Debug\main.o
_TIM1_CCMR2                 00005259   defined in Debug\main.o
_TIM1_CCMR3                 0000525a   defined in Debug\main.o
_TIM1_CCMR4                 0000525b   defined in Debug\main.o
_TIM1_CCR1                  00005265   defined in Debug\main.o
_TIM1_CCR1H                 00005265   defined in Debug\main.o
_TIM1_CCR1L                 00005266   defined in Debug\main.o
_TIM1_CCR2                  00005267   defined in Debug\main.o
_TIM1_CCR2H                 00005267   defined in Debug\main.o
_TIM1_CCR2L                 00005268   defined in Debug\main.o
_TIM1_CCR3                  00005269   defined in Debug\main.o
_TIM1_CCR3H                 00005269   defined in Debug\main.o
_TIM1_CCR3L                 0000526a   defined in Debug\main.o
_TIM1_CCR4                  0000526b   defined in Debug\main.o
_TIM1_CCR4H                 0000526b   defined in Debug\main.o
_TIM1_CCR4L                 0000526c   defined in Debug\main.o
_TIM1_CNTR                  0000525e   defined in Debug\main.o
_TIM1_CNTRH                 0000525e   defined in Debug\main.o
_TIM1_CNTRL                 0000525f   defined in Debug\main.o
_TIM1_CR1                   00005250   defined in Debug\main.o
_TIM1_CR2                   00005251   defined in Debug\main.o
_TIM1_DTR                   0000526e   defined in Debug\main.o
_TIM1_EGR                   00005257   defined in Debug\main.o
_TIM1_ETR                   00005253   defined in Debug\main.o
_TIM1_IER                   00005254   defined in Debug\main.o
_TIM1_OISR                  0000526f   defined in Debug\main.o
_TIM1_PSCR                  00005260   defined in Debug\main.o
_TIM1_PSCRH                 00005260   defined in Debug\main.o
_TIM1_PSCRL                 00005261   defined in Debug\main.o
_TIM1_RCR                   00005264   defined in Debug\main.o
_TIM1_SMCR                  00005252   defined in Debug\main.o
_TIM1_SR1                   00005255   defined in Debug\main.o
_TIM1_SR2                   00005256   defined in Debug\main.o
_TIM2_ARR                   0000530f   defined in Debug\main.o
_TIM2_ARRH                  0000530f   defined in Debug\main.o
_TIM2_ARRL                  00005310   defined in Debug\main.o
_TIM2_CCER1                 0000530a   defined in Debug\main.o
_TIM2_CCER2                 0000530b   defined in Debug\main.o
_TIM2_CCMR1                 00005307   defined in Debug\main.o
_TIM2_CCMR2                 00005308   defined in Debug\main.o
_TIM2_CCMR3                 00005309   defined in Debug\main.o
_TIM2_CCR1                  00005311   defined in Debug\main.o
_TIM2_CCR1H                 00005311   defined in Debug\main.o
_TIM2_CCR1L                 00005312   defined in Debug\main.o
_TIM2_CCR2                  00005313   defined in Debug\main.o
_TIM2_CCR2H                 00005313   defined in Debug\main.o
_TIM2_CCR2L                 00005314   defined in Debug\main.o
_TIM2_CCR3                  00005315   defined in Debug\main.o
_TIM2_CCR3H                 00005315   defined in Debug\main.o
_TIM2_CCR3L                 00005316   defined in Debug\main.o
_TIM2_CNTR                  0000530c   defined in Debug\main.o
_TIM2_CNTRH                 0000530c   defined in Debug\main.o
_TIM2_CNTRL                 0000530d   defined in Debug\main.o
_TIM2_CR1                   00005300   defined in Debug\main.o
_TIM2_EGR                   00005306   defined in Debug\main.o
_TIM2_IER                   00005303   defined in Debug\main.o
_TIM2_PSCR                  0000530e   defined in Debug\main.o
_TIM2_SR1                   00005304   defined in Debug\main.o
_TIM2_SR2                   00005305   defined in Debug\main.o
_TIM4_ARR                   00005348   defined in Debug\main.o
_TIM4_CNTR                  00005346   defined in Debug\main.o
_TIM4_CR1                   00005340   defined in Debug\main.o
_TIM4_EGR                   00005345   defined in Debug\main.o
_TIM4_IER                   00005343   defined in Debug\main.o
_TIM4_PSCR                  00005347   defined in Debug\main.o
_TIM4_SR                    00005344   defined in Debug\main.o
_UART1_BRR1                 00005232   defined in Debug\main.o
_UART1_BRR2                 00005233   defined in Debug\main.o
_UART1_CR1                  00005234   defined in Debug\main.o
_UART1_CR2                  00005235   defined in Debug\main.o
_UART1_CR3                  00005236   defined in Debug\main.o
_UART1_CR4                  00005237   defined in Debug\main.o
_UART1_CR5                  00005238   defined in Debug\main.o
_UART1_DR                   00005231   defined in Debug\main.o
_UART1_GTR                  00005239   defined in Debug\main.o
_UART1_PSCR                 0000523a   defined in Debug\main.o
_UART1_SR                   00005230   defined in Debug\main.o
_WWDG_CR                    000050d1   defined in Debug\main.o
_WWDG_WR                    000050d2   defined in Debug\main.o
__endmem                    000001ff   defined in command file
                                       *** not used ***
__endzp                     00000007   defined in command file section .ubsct
                                       used in c:\Program Files\COSMIC\CXSTM8\Lib\crtsi0.sm8
__idesc__                   00008080   defined in linker section .init
                                       used in c:\Program Files\COSMIC\CXSTM8\Lib\crtsi0.sm8
__memory                    00000100   defined in command file section .bss
                                       used in c:\Program Files\COSMIC\CXSTM8\Lib\crtsi0.sm8
__stack                     000003ff   defined in command file
                                       used in c:\Program Files\COSMIC\CXSTM8\Lib\crtsi0.sm8
__startmem                  00000100   defined in command file section .bss
                                       *** not used ***
__stext                     00008089   defined in c:\Program Files\COSMIC\CXSTM8\Lib\crtsi0.sm8 section .text
                                       used in Debug\stm8_interrupt_vector.o
__vectab                    00008000   defined in Debug\stm8_interrupt_vector.o section .const
_exit                       000080d2   defined in c:\Program Files\COSMIC\CXSTM8\Lib\crtsi0.sm8 section .text
_i                          00000000   defined in Debug\main.o section .bsct, initialized
_main                       000080fa   defined in Debug\main.o section .text
                                       used in c:\Program Files\COSMIC\CXSTM8\Lib\crtsi0.sm8
c_x                         00000001   defined in (c:\Program Files\COSMIC\CXSTM8\Lib\libm0.sm8)xreg.o section .ubsct
                                       used in c:\Program Files\COSMIC\CXSTM8\Lib\crtsi0.sm8
c_y                         00000004   defined in (c:\Program Files\COSMIC\CXSTM8\Lib\libm0.sm8)yreg.o section .ubsct
                                       used in c:\Program Files\COSMIC\CXSTM8\Lib\crtsi0.sm8
f_NonHandledInterrupt       00008118   defined in Debug\stm8_interrupt_vector.o section .text
f_TIM4_UPD_OVF_IRQHandler   00008101   defined in Debug\main.o section .text
                                       used in Debug\stm8_interrupt_vector.o
